[32m  INFO[0m: Launching config: "/root/omarchy/shell/shell.qml"
[32m  INFO[0m: Shell ID: "25ddb9a40217a80c053fb1f820da0a31" Path ID "25ddb9a40217a80c053fb1f820da0a31"
[32m  INFO[0m: Saving logs to "/tmp/rigrender-runtime-omatrail-2210768/quickshell/by-id/bzu2xja0lt/log.qslog"
libEGL warning: failed to get driver name for fd -1

libEGL warning: MESA-LOADER: failed to retrieve device information

libEGL warning: failed to get driver name for fd -1

MESA: error: ZINK: vkCreateInstance failed (VK_ERROR_INCOMPATIBLE_DRIVER)
libEGL warning: egl: failed to create dri2 screen
[34m DEBUG[97m qml[0m: omarchy-shell paths omarchyPath=/root/omarchy shellDir=/root/omarchy/shell firstPartyPluginsDir=/root/omarchy/shell/plugins defaultsPath=/root/omarchy/config/omarchy/shell.json userConfigPath=/tmp/rigrender-home-omatrail-2210768/.config/omarchy/shell.json
[32m  INFO[0m: Configuration Loaded
[33m  WARN[97m quickshell.service.upower[0m: Could not connect to DBus. UPower service will not work.
[33m  WARN[0m: $HYPRLAND_INSTANCE_SIGNATURE is unset. Cannot connect to hyprland.
[34m DEBUG[97m qml[0m: omarchy idle 2026-09-07T18:11:58.884Z service-ready
[E] pw.loop [loop.c:70 pw_loop_new()] 0x7ca8b2512100: can't make support.system handle: No such file or directory
[31m ERROR[97m quickshell.service.pipewire.loop[0m: Failed to create pipewire event loop.
[33m  WARN[97m quickshell.service.polkit.listener[0m: failed to create subject for listener: No session for pid 133463
[33m  WARN[97m quickshell.service.polkit[0m: failed to register listener on path "/org/omarchy/PolkitAgent"
[34m DEBUG[97m qml[0m: omarchy idle 2026-09-07T18:11:58.966Z stay-awake: disabled state-file
[34m DEBUG[97m qml[0m: omarchy idle 2026-09-07T18:11:59.052Z idle-monitor: active
[32m  INFO[0m: Launching config: "/root/omarchy/shell/shell.qml"
[32m  INFO[0m: Shell ID: "25ddb9a40217a80c053fb1f820da0a31" Path ID "25ddb9a40217a80c053fb1f820da0a31"
[32m  INFO[0m: Saving logs to "/tmp/rigrender-runtime-omatrail-2210768/quickshell/by-id/fjv2tka0lt/log.qslog"
libEGL warning: failed to get driver name for fd -1

libEGL warning: MESA-LOADER: failed to retrieve device information

libEGL warning: failed to get driver name for fd -1

MESA: error: ZINK: vkCreateInstance failed (VK_ERROR_INCOMPATIBLE_DRIVER)
libEGL warning: egl: failed to create dri2 screen
[34m DEBUG[97m qml[0m: omarchy-shell paths omarchyPath=/root/omarchy shellDir=/root/omarchy/shell firstPartyPluginsDir=/root/omarchy/shell/plugins defaultsPath=/root/omarchy/config/omarchy/shell.json userConfigPath=/tmp/rigrender-home-omatrail-2210768/.config/omarchy/shell.json
[32m  INFO[0m: Configuration Loaded
[33m  WARN[97m quickshell.service.upower[0m: Could not connect to DBus. UPower service will not work.
[33m  WARN[0m: $HYPRLAND_INSTANCE_SIGNATURE is unset. Cannot connect to hyprland.
[34m DEBUG[97m qml[0m: omarchy idle 2026-09-07T18:12:30.136Z service-ready
[E] pw.loop [loop.c:70 pw_loop_new()] 0x745dbc67a100: can't make support.system handle: No such file or directory
[31m ERROR[97m quickshell.service.pipewire.loop[0m: Failed to create pipewire event loop.
[33m  WARN[97m quickshell.service.polkit.listener[0m: failed to create subject for listener: No session for pid 134187
[33m  WARN[97m quickshell.service.polkit[0m: failed to register listener on path "/org/omarchy/PolkitAgent"
[34m DEBUG[97m qml[0m: omarchy idle 2026-09-07T18:12:30.246Z stay-awake: disabled state-file
[34m DEBUG[97m qml[0m: omarchy idle 2026-09-07T18:12:30.315Z idle-monitor: active
